INFO:telegram.ext.Application:Application started
WARNING:app.search.providers:Search provider failed: TimeoutError: 
ERROR:notebooklm._core:RPC ADD_SOURCE failed after 1.331s
WARNING:app.notebooklm:NotebookLM failed to add primary URL https://www.washingtonpost.com/world/2026/04/21/china-ai-competition-manus-meta/: SourceAddError: Failed to add source: https://www.washingtonpost.com/world/2026/04/21/china-ai-competition-manus-meta/
Possible causes:
  - URL is invalid or inaccessible
  - Content is behind a paywall or requires authentication
  - Page content is empty or could not be parsed
  - Rate limiting or quota exceeded
INFO:app.notebooklm:NotebookLM infographic generation complete. Downloading to /Users/liwei/Library/CloudStorage/OneDrive-TransfongVentures/01_AiQUIRE/03_My AI Project/16_Learn from News/.local/notebooklm-output/learning-pack-beijing-tightens-its-grip-on-ai-firms-that-try-to-shed-their-chine-47bf6318-infographic.png
WARNING:app.notebooklm:NotebookLM infographic generation/download failed: FileNotFoundError: Storage file not found: /Users/liwei/.notebooklm/storage_state.json
Run 'notebooklm login' to authenticate first.
INFO:app.notebooklm:NotebookLM podcast generation complete. Downloading to /Users/liwei/Library/CloudStorage/OneDrive-TransfongVentures/01_AiQUIRE/03_My AI Project/16_Learn from News/.local/notebooklm-output/learning-pack-beijing-tightens-its-grip-on-ai-firms-that-try-to-shed-their-chine-47bf6318-podcast.mp3
INFO:app.notebooklm:NotebookLM audio brief generation complete. Downloading to /Users/liwei/Library/CloudStorage/OneDrive-TransfongVentures/01_AiQUIRE/03_My AI Project/16_Learn from News/.local/notebooklm-output/learning-pack-beijing-tightens-its-grip-on-ai-firms-that-try-to-shed-their-chine-47bf6318-audio-brief.mp3
WARNING:app.notebooklm:NotebookLM audio brief generation/download failed: FileNotFoundError: Storage file not found: /Users/liwei/.notebooklm/storage_state.json
Run 'notebooklm login' to authenticate first.
WARNING:app.notebooklm:NotebookLM podcast generation/download failed: FileNotFoundError: Storage file not found: /Users/liwei/.notebooklm/storage_state.json
Run 'notebooklm login' to authenticate first.
ERROR:telegram.ext.Application:No error handlers are registered, logging exception.
Traceback (most recent call last):
  File "/Users/liwei/Library/CloudStorage/OneDrive-TransfongVentures/01_AiQUIRE/03_My AI Project/16_Learn from News/.venv/lib/python3.12/site-packages/telegram/ext/_utils/networkloop.py", line 161, in network_retry_loop
    await do_action()
  File "/Users/liwei/Library/CloudStorage/OneDrive-TransfongVentures/01_AiQUIRE/03_My AI Project/16_Learn from News/.venv/lib/python3.12/site-packages/telegram/ext/_utils/networkloop.py", line 154, in do_action
    action_cb_task.result()
  File "/Users/liwei/Library/CloudStorage/OneDrive-TransfongVentures/01_AiQUIRE/03_My AI Project/16_Learn from News/.venv/lib/python3.12/site-packages/telegram/ext/_updater.py", line 340, in polling_action_cb
    updates = await self.bot.get_updates(
              ^^^^^^^^^^^^^^^^^^^^^^^^^^^
  File "/Users/liwei/Library/CloudStorage/OneDrive-TransfongVentures/01_AiQUIRE/03_My AI Project/16_Learn from News/.venv/lib/python3.12/site-packages/telegram/ext/_extbot.py", line 672, in get_updates
    updates = await super().get_updates(
              ^^^^^^^^^^^^^^^^^^^^^^^^^^
  File "/Users/liwei/Library/CloudStorage/OneDrive-TransfongVentures/01_AiQUIRE/03_My AI Project/16_Learn from News/.venv/lib/python3.12/site-packages/telegram/_bot.py", line 4865, in get_updates
    await self._post(
  File "/Users/liwei/Library/CloudStorage/OneDrive-TransfongVentures/01_AiQUIRE/03_My AI Project/16_Learn from News/.venv/lib/python3.12/site-packages/telegram/_bot.py", line 704, in _post
    return await self._do_post(
           ^^^^^^^^^^^^^^^^^^^^
  File "/Users/liwei/Library/CloudStorage/OneDrive-TransfongVentures/01_AiQUIRE/03_My AI Project/16_Learn from News/.venv/lib/python3.12/site-packages/telegram/ext/_extbot.py", line 370, in _do_post
    return await super()._do_post(
           ^^^^^^^^^^^^^^^^^^^^^^^
  File "/Users/liwei/Library/CloudStorage/OneDrive-TransfongVentures/01_AiQUIRE/03_My AI Project/16_Learn from News/.venv/lib/python3.12/site-packages/telegram/_bot.py", line 733, in _do_post
    result = await request.post(
             ^^^^^^^^^^^^^^^^^^^
  File "/Users/liwei/Library/CloudStorage/OneDrive-TransfongVentures/01_AiQUIRE/03_My AI Project/16_Learn from News/.venv/lib/python3.12/site-packages/telegram/request/_baserequest.py", line 198, in post
    result = await self._request_wrapper(
             ^^^^^^^^^^^^^^^^^^^^^^^^^^^^
  File "/Users/liwei/Library/CloudStorage/OneDrive-TransfongVentures/01_AiQUIRE/03_My AI Project/16_Learn from News/.venv/lib/python3.12/site-packages/telegram/request/_baserequest.py", line 375, in _request_wrapper
    raise exception
telegram.error.Conflict: Conflict: terminated by other getUpdates request; make sure that only one bot instance is running
ERROR:telegram.ext.Application:No error handlers are registered, logging exception.
Traceback (most recent call last):
  File "/Users/liwei/Library/CloudStorage/OneDrive-TransfongVentures/01_AiQUIRE/03_My AI Project/16_Learn from News/.venv/lib/python3.12/site-packages/telegram/ext/_utils/networkloop.py", line 161, in network_retry_loop
    await do_action()
  File "/Users/liwei/Library/CloudStorage/OneDrive-TransfongVentures/01_AiQUIRE/03_My AI Project/16_Learn from News/.venv/lib/python3.12/site-packages/telegram/ext/_utils/networkloop.py", line 154, in do_action
    action_cb_task.result()
  File "/Users/liwei/Library/CloudStorage/OneDrive-TransfongVentures/01_AiQUIRE/03_My AI Project/16_Learn from News/.venv/lib/python3.12/site-packages/telegram/ext/_updater.py", line 340, in polling_action_cb
    updates = await self.bot.get_updates(
              ^^^^^^^^^^^^^^^^^^^^^^^^^^^
  File "/Users/liwei/Library/CloudStorage/OneDrive-TransfongVentures/01_AiQUIRE/03_My AI Project/16_Learn from News/.venv/lib/python3.12/site-packages/telegram/ext/_extbot.py", line 672, in get_updates
    updates = await super().get_updates(
              ^^^^^^^^^^^^^^^^^^^^^^^^^^
  File "/Users/liwei/Library/CloudStorage/OneDrive-TransfongVentures/01_AiQUIRE/03_My AI Project/16_Learn from News/.venv/lib/python3.12/site-packages/telegram/_bot.py", line 4865, in get_updates
    await self._post(
  File "/Users/liwei/Library/CloudStorage/OneDrive-TransfongVentures/01_AiQUIRE/03_My AI Project/16_Learn from News/.venv/lib/python3.12/site-packages/telegram/_bot.py", line 704, in _post
    return await self._do_post(
           ^^^^^^^^^^^^^^^^^^^^
  File "/Users/liwei/Library/CloudStorage/OneDrive-TransfongVentures/01_AiQUIRE/03_My AI Project/16_Learn from News/.venv/lib/python3.12/site-packages/telegram/ext/_extbot.py", line 370, in _do_post
    return await super()._do_post(
           ^^^^^^^^^^^^^^^^^^^^^^^
  File "/Users/liwei/Library/CloudStorage/OneDrive-TransfongVentures/01_AiQUIRE/03_My AI Project/16_Learn from News/.venv/lib/python3.12/site-packages/telegram/_bot.py", line 733, in _do_post
    result = await request.post(
             ^^^^^^^^^^^^^^^^^^^
  File "/Users/liwei/Library/CloudStorage/OneDrive-TransfongVentures/01_AiQUIRE/03_My AI Project/16_Learn from News/.venv/lib/python3.12/site-packages/telegram/request/_baserequest.py", line 198, in post
    result = await self._request_wrapper(
             ^^^^^^^^^^^^^^^^^^^^^^^^^^^^
  File "/Users/liwei/Library/CloudStorage/OneDrive-TransfongVentures/01_AiQUIRE/03_My AI Project/16_Learn from News/.venv/lib/python3.12/site-packages/telegram/request/_baserequest.py", line 375, in _request_wrapper
    raise exception
telegram.error.Conflict: Conflict: terminated by other getUpdates request; make sure that only one bot instance is running
ERROR:telegram.ext.Application:No error handlers are registered, logging exception.
Traceback (most recent call last):
  File "/Users/liwei/Library/CloudStorage/OneDrive-TransfongVentures/01_AiQUIRE/03_My AI Project/16_Learn from News/.venv/lib/python3.12/site-packages/telegram/ext/_utils/networkloop.py", line 161, in network_retry_loop
    await do_action()
  File "/Users/liwei/Library/CloudStorage/OneDrive-TransfongVentures/01_AiQUIRE/03_My AI Project/16_Learn from News/.venv/lib/python3.12/site-packages/telegram/ext/_utils/networkloop.py", line 154, in do_action
    action_cb_task.result()
  File "/Users/liwei/Library/CloudStorage/OneDrive-TransfongVentures/01_AiQUIRE/03_My AI Project/16_Learn from News/.venv/lib/python3.12/site-packages/telegram/ext/_updater.py", line 340, in polling_action_cb
    updates = await self.bot.get_updates(
              ^^^^^^^^^^^^^^^^^^^^^^^^^^^
  File "/Users/liwei/Library/CloudStorage/OneDrive-TransfongVentures/01_AiQUIRE/03_My AI Project/16_Learn from News/.venv/lib/python3.12/site-packages/telegram/ext/_extbot.py", line 672, in get_updates
    updates = await super().get_updates(
              ^^^^^^^^^^^^^^^^^^^^^^^^^^
  File "/Users/liwei/Library/CloudStorage/OneDrive-TransfongVentures/01_AiQUIRE/03_My AI Project/16_Learn from News/.venv/lib/python3.12/site-packages/telegram/_bot.py", line 4865, in get_updates
    await self._post(
  File "/Users/liwei/Library/CloudStorage/OneDrive-TransfongVentures/01_AiQUIRE/03_My AI Project/16_Learn from News/.venv/lib/python3.12/site-packages/telegram/_bot.py", line 704, in _post
    return await self._do_post(
           ^^^^^^^^^^^^^^^^^^^^
  File "/Users/liwei/Library/CloudStorage/OneDrive-TransfongVentures/01_AiQUIRE/03_My AI Project/16_Learn from News/.venv/lib/python3.12/site-packages/telegram/ext/_extbot.py", line 370, in _do_post
    return await super()._do_post(
           ^^^^^^^^^^^^^^^^^^^^^^^
  File "/Users/liwei/Library/CloudStorage/OneDrive-TransfongVentures/01_AiQUIRE/03_My AI Project/16_Learn from News/.venv/lib/python3.12/site-packages/telegram/_bot.py", line 733, in _do_post
    result = await request.post(
             ^^^^^^^^^^^^^^^^^^^
  File "/Users/liwei/Library/CloudStorage/OneDrive-TransfongVentures/01_AiQUIRE/03_My AI Project/16_Learn from News/.venv/lib/python3.12/site-packages/telegram/request/_baserequest.py", line 198, in post
    result = await self._request_wrapper(
             ^^^^^^^^^^^^^^^^^^^^^^^^^^^^
  File "/Users/liwei/Library/CloudStorage/OneDrive-TransfongVentures/01_AiQUIRE/03_My AI Project/16_Learn from News/.venv/lib/python3.12/site-packages/telegram/request/_baserequest.py", line 375, in _request_wrapper
    raise exception
telegram.error.Conflict: Conflict: terminated by other getUpdates request; make sure that only one bot instance is running
ERROR:telegram.ext.Application:No error handlers are registered, logging exception.
Traceback (most recent call last):
  File "/Users/liwei/Library/CloudStorage/OneDrive-TransfongVentures/01_AiQUIRE/03_My AI Project/16_Learn from News/.venv/lib/python3.12/site-packages/telegram/ext/_utils/networkloop.py", line 161, in network_retry_loop
    await do_action()
  File "/Users/liwei/Library/CloudStorage/OneDrive-TransfongVentures/01_AiQUIRE/03_My AI Project/16_Learn from News/.venv/lib/python3.12/site-packages/telegram/ext/_utils/networkloop.py", line 154, in do_action
    action_cb_task.result()
  File "/Users/liwei/Library/CloudStorage/OneDrive-TransfongVentures/01_AiQUIRE/03_My AI Project/16_Learn from News/.venv/lib/python3.12/site-packages/telegram/ext/_updater.py", line 340, in polling_action_cb
    updates = await self.bot.get_updates(
              ^^^^^^^^^^^^^^^^^^^^^^^^^^^
  File "/Users/liwei/Library/CloudStorage/OneDrive-TransfongVentures/01_AiQUIRE/03_My AI Project/16_Learn from News/.venv/lib/python3.12/site-packages/telegram/ext/_extbot.py", line 672, in get_updates
    updates = await super().get_updates(
              ^^^^^^^^^^^^^^^^^^^^^^^^^^
  File "/Users/liwei/Library/CloudStorage/OneDrive-TransfongVentures/01_AiQUIRE/03_My AI Project/16_Learn from News/.venv/lib/python3.12/site-packages/telegram/_bot.py", line 4865, in get_updates
    await self._post(
  File "/Users/liwei/Library/CloudStorage/OneDrive-TransfongVentures/01_AiQUIRE/03_My AI Project/16_Learn from News/.venv/lib/python3.12/site-packages/telegram/_bot.py", line 704, in _post
    return await self._do_post(
           ^^^^^^^^^^^^^^^^^^^^
  File "/Users/liwei/Library/CloudStorage/OneDrive-TransfongVentures/01_AiQUIRE/03_My AI Project/16_Learn from News/.venv/lib/python3.12/site-packages/telegram/ext/_extbot.py", line 370, in _do_post
    return await super()._do_post(
           ^^^^^^^^^^^^^^^^^^^^^^^
  File "/Users/liwei/Library/CloudStorage/OneDrive-TransfongVentures/01_AiQUIRE/03_My AI Project/16_Learn from News/.venv/lib/python3.12/site-packages/telegram/_bot.py", line 733, in _do_post
    result = await request.post(
             ^^^^^^^^^^^^^^^^^^^
  File "/Users/liwei/Library/CloudStorage/OneDrive-TransfongVentures/01_AiQUIRE/03_My AI Project/16_Learn from News/.venv/lib/python3.12/site-packages/telegram/request/_baserequest.py", line 198, in post
    result = await self._request_wrapper(
             ^^^^^^^^^^^^^^^^^^^^^^^^^^^^
  File "/Users/liwei/Library/CloudStorage/OneDrive-TransfongVentures/01_AiQUIRE/03_My AI Project/16_Learn from News/.venv/lib/python3.12/site-packages/telegram/request/_baserequest.py", line 375, in _request_wrapper
    raise exception
telegram.error.Conflict: Conflict: terminated by other getUpdates request; make sure that only one bot instance is running
ERROR:telegram.ext.Application:No error handlers are registered, logging exception.
Traceback (most recent call last):
  File "/Users/liwei/Library/CloudStorage/OneDrive-TransfongVentures/01_AiQUIRE/03_My AI Project/16_Learn from News/.venv/lib/python3.12/site-packages/telegram/ext/_utils/networkloop.py", line 161, in network_retry_loop
    await do_action()
  File "/Users/liwei/Library/CloudStorage/OneDrive-TransfongVentures/01_AiQUIRE/03_My AI Project/16_Learn from News/.venv/lib/python3.12/site-packages/telegram/ext/_utils/networkloop.py", line 154, in do_action
    action_cb_task.result()
  File "/Users/liwei/Library/CloudStorage/OneDrive-TransfongVentures/01_AiQUIRE/03_My AI Project/16_Learn from News/.venv/lib/python3.12/site-packages/telegram/ext/_updater.py", line 340, in polling_action_cb
    updates = await self.bot.get_updates(
              ^^^^^^^^^^^^^^^^^^^^^^^^^^^
  File "/Users/liwei/Library/CloudStorage/OneDrive-TransfongVentures/01_AiQUIRE/03_My AI Project/16_Learn from News/.venv/lib/python3.12/site-packages/telegram/ext/_extbot.py", line 672, in get_updates
    updates = await super().get_updates(
              ^^^^^^^^^^^^^^^^^^^^^^^^^^
  File "/Users/liwei/Library/CloudStorage/OneDrive-TransfongVentures/01_AiQUIRE/03_My AI Project/16_Learn from News/.venv/lib/python3.12/site-packages/telegram/_bot.py", line 4865, in get_updates
    await self._post(
  File "/Users/liwei/Library/CloudStorage/OneDrive-TransfongVentures/01_AiQUIRE/03_My AI Project/16_Learn from News/.venv/lib/python3.12/site-packages/telegram/_bot.py", line 704, in _post
    return await self._do_post(
           ^^^^^^^^^^^^^^^^^^^^
  File "/Users/liwei/Library/CloudStorage/OneDrive-TransfongVentures/01_AiQUIRE/03_My AI Project/16_Learn from News/.venv/lib/python3.12/site-packages/telegram/ext/_extbot.py", line 370, in _do_post
    return await super()._do_post(
           ^^^^^^^^^^^^^^^^^^^^^^^
  File "/Users/liwei/Library/CloudStorage/OneDrive-TransfongVentures/01_AiQUIRE/03_My AI Project/16_Learn from News/.venv/lib/python3.12/site-packages/telegram/_bot.py", line 733, in _do_post
    result = await request.post(
             ^^^^^^^^^^^^^^^^^^^
  File "/Users/liwei/Library/CloudStorage/OneDrive-TransfongVentures/01_AiQUIRE/03_My AI Project/16_Learn from News/.venv/lib/python3.12/site-packages/telegram/request/_baserequest.py", line 198, in post
    result = await self._request_wrapper(
             ^^^^^^^^^^^^^^^^^^^^^^^^^^^^
  File "/Users/liwei/Library/CloudStorage/OneDrive-TransfongVentures/01_AiQUIRE/03_My AI Project/16_Learn from News/.venv/lib/python3.12/site-packages/telegram/request/_baserequest.py", line 375, in _request_wrapper
    raise exception
telegram.error.Conflict: Conflict: terminated by other getUpdates request; make sure that only one bot instance is running
INFO:telegram.ext.Application:Application is stopping. This might take a moment.
INFO:telegram.ext.Application:Application.stop() complete
